PRESENT  subc-protocol    BindIdentity
PRESENT  subc-protocol    RouteTarget
PRESENT  subc-protocol    RouteTarget::ToolProvider
PRESENT  subc-protocol    RouteTarget::ManagementSurface
PRESENT  subc-protocol    ErrorBody
ABSENT   subc-protocol    ErrorBody::new
PRESENT  subc-protocol    Flags
PRESENT  subc-protocol    Flags::new
PRESENT  subc-protocol    Frame
PRESENT  subc-protocol    Frame::build
PRESENT  subc-protocol    FrameBuildError
PRESENT  subc-protocol    FrameType
PRESENT  subc-protocol    EnvelopeHeader
PRESENT  subc-protocol    Priority::Interactive
PRESENT  subc-protocol    PROTOCOL_VERSION
PRESENT  subc-protocol    SUBC_MODULE_ID_ENV
PRESENT  subc-protocol    SUBC_LAUNCH_NONCE_ENV
PRESENT  subc-protocol    ModuleHelloAckBody
PRESENT  subc-protocol    ModuleHelloAckBody.storage
PRESENT  subc-protocol    manifest::ModuleManifest
PRESENT  subc-protocol    ModuleManifest.scheduled_tasks
PRESENT  subc-protocol    manifest::TrustTier
PRESENT  subc-protocol    manifest::ProviderRole
PRESENT  subc-protocol    manifest::ConsumerRole
PRESENT  subc-protocol    ConsumerRole::ServiceClient
PRESENT  subc-protocol    manifest::Bindings
PRESENT  subc-protocol    manifest::StorageBinding
PRESENT  subc-protocol    manifest::StorageKind
PRESENT  subc-protocol    manifest::StorageScope
PRESENT  subc-protocol    manifest::IdentityBinding
PRESENT  subc-protocol    manifest::IdentityScope
PRESENT  subc-protocol    manifest::Concurrency
PRESENT  subc-protocol    Concurrency::ModuleManaged
PRESENT  subc-protocol    manifest::Tool
PRESENT  subc-protocol    manifest::ExecutionMode
PRESENT  subc-transport   authenticate_client
PRESENT  subc-transport   connection_file::read
PRESENT  subc-transport   read_frame
PRESENT  subc-transport   write_frame
PRESENT  subc-transport   AuthError
PRESENT  subc-transport   ConnectionFileError
PRESENT  subc-transport   FrameIoError
PRESENT  subc-transport   ConnectionInfo
PRESENT  subc-transport   Endpoint
PRESENT  subc-transport   SCHEMA_VERSION
PRESENT  subc-transport   authenticate_server
PRESENT  subc-transport   generate_key
PRESENT  subc-transport   generate_daemon_id
PRESENT  subc-transport   write_atomic
PRESENT  subc-control     ClientControlRequest
PRESENT  subc-control     ClientControlRequest::RouteOpen
PRESENT  subc-control     ClientControlResponse
PRESENT  subc-control     ConsumerIdentity
PRESENT  subc-control     RouteOpen.admission_facts
PRESENT  subc-client-rs   async_trait re-export
PRESENT  subc-client-rs   ModuleHandler
PRESENT  subc-client-rs   ModuleHandler::handle
PRESENT  subc-client-rs   ModuleHandler::on_hello_ack
PRESENT  subc-client-rs   ModuleHandler::on_bind
PRESENT  subc-client-rs   ModuleHandler::on_route_gone
PRESENT  subc-client-rs   ModuleHandler::health
PRESENT  subc-client-rs   HandlerOutcome
PRESENT  subc-client-rs   HandlerOutcome::Response
PRESENT  subc-client-rs   HandlerOutcome::Error
ABSENT   subc-client-rs   HandlerOutcome::ErrorWithDetail
PRESENT  subc-client-rs   HandlerOutcome::Streamed
PRESENT  subc-client-rs   HealthReport (re-export)
PRESENT  subc-client-rs   RequestCtx
PRESENT  subc-client-rs   RequestCtx::route_handle
PRESENT  subc-client-rs   RouteBindRequest
PRESENT  subc-client-rs   RouteHandle
PRESENT  subc-client-rs   BindDecision
PRESENT  subc-client-rs   BindDecision::accept
PRESENT  subc-client-rs   serve_with
PRESENT  subc-client-rs   SubcConsumer
PRESENT  subc-client-rs   SubcConsumer::connect
PRESENT  subc-client-rs   SubcConsumer::call
PRESENT  subc-client-rs   SubcConsumer::close_route
PRESENT  subc-client-rs   SubcConsumer::close
PRESENT  subc-client-rs   ConsumerOptions
PRESENT  subc-client-rs   CallOptions
PRESENT  subc-client-rs   CloseRouteOptions
PRESENT  subc-client-rs   RetryBackoff
PRESENT  subc-client-rs   CallError
PRESENT  subc-client-rs   CallError::Module

--- ABSENT SUMMARY ---
subc-protocol: ErrorBody::new   (probe: 'impl ErrorBody')
subc-client-rs: HandlerOutcome::ErrorWithDetail   (probe: 'ErrorWithDetail')
